sh: RUBYPROBE: not found
RUBYPROBE # 
RUBYPROBE # 
RUBYPROBE # 
RUBYPROBE # RU
sh: RU: not found
RUBYPROBE # 
RUBYPROBE # 
RUBYPROBE # 
RUBYPROBE # v/loop0
sh: v/loop0: not found
RUBYPROBE # 
RUBYPROBE # RUBYPRBE TIRUBYPROBE BOOT_STAGE=USB_BINGS0
sh: RUBYPRBE: not found
RUBYPROBE # 
RUBYPROBE # [6nRUBYPROBE TICK t=10s stage=CHROOT_MOVE_FALLO errno=22 usb=si
RUBYPROBE TICK t=15s stage=CHROOT_MOVE_FALLO errno=22 usb=si
RUBYPROBE TICK t=20s stage=CHROOT_MOVE_FALLO errno=22 usb=si
RUBYPROBE TICK t=25s stage=CHROOT_MOVE_FALLO errno=22 usb=si
RUBYPROBE TICK t=30s stage=CHROOT_MOVE_FALLO errno=22 usb=si
RUBYPROBE TICK t=35s stage=CHROOT_MOVE_FALLO errno=22 usb=si
RUBYPROBE TICK t=40s stage=CHROOT_MOVE_FALLO errno=22 usb=si
RUBYPROBE TICK t=45s stage=CHROOT_MOVE_FALLO errno=22 usb=si
